=== [1/6] apps/ui production build
Scope: all 2 workspace projects
Already up to date
Done in 505ms using pnpm v11.22.0
$ vite build
2:28:18 AM [vite-plugin-svelte] no Svelte config found at C:/AetherCore-P36/workspace/AetherCore-Phase35-Master-Delivery/apps/ui - using default configuration.
vite v8.2.1 building client environment for production...
transforming...
2:28:19 AM [vite-plugin-svelte] src/features/intelligence/DeepScanPage.svelte:178:38 Unused CSS selector ".scan-primary"
https://svelte.dev/e/css_unused_selector
176:   .deep-scan-header{display:flex;justify-content:space-between;align-items:flex-start;gap:24px;margin-bottom:22px}
177:   .deep-scan-header h1{margin:.3rem 0 .35rem;font-size:2rem;font-weight:560;letter-spacing:-.035em}.deep-scan-header .sub{max-width:760px;margin:0;color:var(--ac-text-2)}
178:   .scan-actions{display:flex;gap:10px}.scan-primary,.scan-cancel{min-inline-size:9.5rem;padding:.72rem 1rem;border-radius:12px}.scan-primary{background:var(--ac-accent-strong);color:var(--ac-text-inverse)}.scan-cancel{background:transparent;border:1px solid var(--ac-border-strong)}
                                                        ^
179:   :global(.scan-hero){display:grid;grid-template-columns:auto minmax(0,1fr) auto;gap:18px;align-items:center;padding:22px;border-radius:20px;margin-bottom:14px}
180:   .status-emblem{inline-size:54px;block-size:54px;border-radius:17px;display:grid;place-items:center;border:1px solid var(--ac-border-strong);font-size:1.35rem}.status-emblem.scanning{box-shadow:inset 0 0 24px color-mix(in srgb,var(--ac-accent) 10%,transparent)}
2:28:19 AM [vite-plugin-svelte] src/features/intelligence/DeepScanPage.svelte:178:52 Unused CSS selector ".scan-cancel"
https://svelte.dev/e/css_unused_selector
176:   .deep-scan-header{display:flex;justify-content:space-between;align-items:flex-start;gap:24px;margin-bottom:22px}
177:   .deep-scan-header h1{margin:.3rem 0 .35rem;font-size:2rem;font-weight:560;letter-spacing:-.035em}.deep-scan-header .sub{max-width:760px;margin:0;color:var(--ac-text-2)}
178:   .scan-actions{display:flex;gap:10px}.scan-primary,.scan-cancel{min-inline-size:9.5rem;padding:.72rem 1rem;border-radius:12px}.scan-primary{background:var(--ac-accent-strong);color:var(--ac-text-inverse)}.scan-cancel{background:transparent;border:1px solid var(--ac-border-strong)}
                                                                     ^
179:   :global(.scan-hero){display:grid;grid-template-columns:auto minmax(0,1fr) auto;gap:18px;align-items:center;padding:22px;border-radius:20px;margin-bottom:14px}
180:   .status-emblem{inline-size:54px;block-size:54px;border-radius:17px;display:grid;place-items:center;border:1px solid var(--ac-border-strong);font-size:1.35rem}.status-emblem.scanning{box-shadow:inset 0 0 24px color-mix(in srgb,var(--ac-accent) 10%,transparent)}
2:28:19 AM [vite-plugin-svelte] src/features/intelligence/DeepScanPage.svelte:178:127 Unused CSS selector ".scan-primary"
https://svelte.dev/e/css_unused_selector
176:   .deep-scan-header{display:flex;justify-content:space-between;align-items:flex-start;gap:24px;margin-bottom:22px}
177:   .deep-scan-header h1{margin:.3rem 0 .35rem;font-size:2rem;font-weight:560;letter-spacing:-.035em}.deep-scan-header .sub{max-width:760px;margin:0;color:var(--ac-text-2)}
178:   .scan-actions{display:flex;gap:10px}.scan-primary,.scan-cancel{min-inline-size:9.5rem;padding:.72rem 1rem;border-radius:12px}.scan-primary{background:var(--ac-accent-strong);color:var(--ac-text-inverse)}.scan-cancel{background:transparent;border:1px solid var(--ac-border-strong)}
                                                                                                                                                 ^
179:   :global(.scan-hero){display:grid;grid-template-columns:auto minmax(0,1fr) auto;gap:18px;align-items:center;padding:22px;border-radius:20px;margin-bottom:14px}
180:   .status-emblem{inline-size:54px;block-size:54px;border-radius:17px;display:grid;place-items:center;border:1px solid var(--ac-border-strong);font-size:1.35rem}.status-emblem.scanning{box-shadow:inset 0 0 24px color-mix(in srgb,var(--ac-accent) 10%,transparent)}
2:28:19 AM [vite-plugin-svelte] src/features/intelligence/DeepScanPage.svelte:178:205 Unused CSS selector ".scan-cancel"
https://svelte.dev/e/css_unused_selector
176:   .deep-scan-header{display:flex;justify-content:space-between;align-items:flex-start;gap:24px;margin-bottom:22px}
177:   .deep-scan-header h1{margin:.3rem 0 .35rem;font-size:2rem;font-weight:560;letter-spacing:-.035em}.deep-scan-header .sub{max-width:760px;margin:0;color:var(--ac-text-2)}
178:   .scan-actions{display:flex;gap:10px}.scan-primary,.scan-cancel{min-inline-size:9.5rem;padding:.72rem 1rem;border-radius:12px}.scan-primary{background:var(--ac-accent-strong);color:var(--ac-text-inverse)}.scan-cancel{background:transparent;border:1px solid var(--ac-border-strong)}
                                                                                                                                                                                                                              ^
179:   :global(.scan-hero){display:grid;grid-template-columns:auto minmax(0,1fr) auto;gap:18px;align-items:center;padding:22px;border-radius:20px;margin-bottom:14px}
180:   .status-emblem{inline-size:54px;block-size:54px;border-radius:17px;display:grid;place-items:center;border:1px solid var(--ac-border-strong);font-size:1.35rem}.status-emblem.scanning{box-shadow:inset 0 0 24px color-mix(in srgb,var(--ac-accent) 10%,transparent)}
2:28:19 AM [vite-plugin-svelte] src/features/intelligence/DeepScanPage.svelte:184:153 Unused CSS selector ".summary-tile span"
https://svelte.dev/e/css_unused_selector
182:   .scan-facts{display:grid;grid-template-columns:repeat(3,minmax(92px,1fr));gap:8px}.scan-facts div{padding:.65rem .8rem;border-inline-start:1px solid var(--ac-border-subtle)}.scan-facts span{display:block;color:var(--ac-text-3);font-size:.78rem}.scan-facts strong{font-size:1.2rem;font-weight:560}
183:   :global(.progress-card){padding:18px;border-radius:16px;margin-bottom:14px}.progress-copy{display:flex;justify-content:space-between;gap:18px;align-items:flex-start;margin-bottom:12px}.progress-copy h3{margin:.2rem 0 0;font-size:1rem;font-weight:560}.progress-copy>strong{font-size:1.15rem;font-variant-numeric:tabular-nums}.task-counts{display:flex;flex-wrap:wrap;gap:14px;margin-top:10px;color:var(--ac-text-3);font-size:.8rem}
184:   .summary-grid{display:grid;grid-template-columns:repeat(4,minmax(0,1fr));gap:10px;margin:14px 0}:global(.summary-tile){padding:15px;border-radius:14px}.summary-tile span{display:block;color:var(--ac-text-3);font-size:.8rem}.summary-tile strong{display:block;margin-top:.2rem;font-size:1.55rem;font-weight:540}.summary-tile.healthy strong{color:var(--ac-positive)}
                                                                                                                                                                                ^
185:   :global(.limitation-card){padding:15px 17px;border-radius:14px;margin:12px 0}.limitation-card p{margin:.25rem 0;color:var(--ac-text-2)}.limitation-card ul{margin:.5rem 0 0;padding-inline-start:1.25rem;color:var(--ac-text-3)}
186:   .result-toolbar{display:flex;gap:7px;overflow:auto;padding:3px 0 10px;margin-top:16px}.result-toolbar button{border:1px solid var(--ac-border-subtle);background:transparent;color:var(--ac-text-2);border-radius:999px;padding:.45rem .72rem;white-space:nowrap;cursor:pointer}.result-toolbar button.active{background:var(--ac-material-focused);border-color:var(--ac-border-strong);color:var(--ac-text-1)}
2:28:19 AM [vite-plugin-svelte] src/features/intelligence/DeepScanPage.svelte:184:225 Unused CSS selector ".summary-tile strong"
https://svelte.dev/e/css_unused_selector
182:   .scan-facts{display:grid;grid-template-columns:repeat(3,minmax(92px,1fr));gap:8px}.scan-facts div{padding:.65rem .8rem;border-inline-start:1px solid var(--ac-border-subtle)}.scan-facts span{display:block;color:var(--ac-text-3);font-size:.78rem}.scan-facts strong{font-size:1.2rem;font-weight:560}
183:   :global(.progress-card){padding:18px;border-radius:16px;margin-bottom:14px}.progress-copy{display:flex;justify-content:space-between;gap:18px;align-items:flex-start;margin-bottom:12px}.progress-copy h3{margin:.2rem 0 0;font-size:1rem;font-weight:560}.progress-copy>strong{font-size:1.15rem;font-variant-numeric:tabular-nums}.task-counts{display:flex;flex-wrap:wrap;gap:14px;margin-top:10px;color:var(--ac-text-3);font-size:.8rem}
184:   .summary-grid{display:grid;grid-template-columns:repeat(4,minmax(0,1fr));gap:10px;margin:14px 0}:global(.summary-tile){padding:15px;border-radius:14px}.summary-tile span{display:block;color:var(--ac-text-3);font-size:.8rem}.summary-tile strong{display:block;margin-top:.2rem;font-size:1.55rem;font-weight:540}.summary-tile.healthy strong{color:var(--ac-positive)}
                                                                                                                                                                                                                                                          ^
185:   :global(.limitation-card){padding:15px 17px;border-radius:14px;margin:12px 0}.limitation-card p{margin:.25rem 0;color:var(--ac-text-2)}.limitation-card ul{margin:.5rem 0 0;padding-inline-start:1.25rem;color:var(--ac-text-3)}
186:   .result-toolbar{display:flex;gap:7px;overflow:auto;padding:3px 0 10px;margin-top:16px}.result-toolbar button{border:1px solid var(--ac-border-subtle);background:transparent;color:var(--ac-text-2);border-radius:999px;padding:.45rem .72rem;white-space:nowrap;cursor:pointer}.result-toolbar button.active{background:var(--ac-material-focused);border-color:var(--ac-border-strong);color:var(--ac-text-1)}
2:28:19 AM [vite-plugin-svelte] src/features/intelligence/DeepScanPage.svelte:184:311 Unused CSS selector ".summary-tile.healthy strong"
https://svelte.dev/e/css_unused_selector
182:   .scan-facts{display:grid;grid-template-columns:repeat(3,minmax(92px,1fr));gap:8px}.scan-facts div{padding:.65rem .8rem;border-inline-start:1px solid var(--ac-border-subtle)}.scan-facts span{display:block;color:var(--ac-text-3);font-size:.78rem}.scan-facts strong{font-size:1.2rem;font-weight:560}
183:   :global(.progress-card){padding:18px;border-radius:16px;margin-bottom:14px}.progress-copy{display:flex;justify-content:space-between;gap:18px;align-items:flex-start;margin-bottom:12px}.progress-copy h3{margin:.2rem 0 0;font-size:1rem;font-weight:560}.progress-copy>strong{font-size:1.15rem;font-variant-numeric:tabular-nums}.task-counts{display:flex;flex-wrap:wrap;gap:14px;margin-top:10px;color:var(--ac-text-3);font-size:.8rem}
184:   .summary-grid{display:grid;grid-template-columns:repeat(4,minmax(0,1fr));gap:10px;margin:14px 0}:global(.summary-tile){padding:15px;border-radius:14px}.summary-tile span{display:block;color:var(--ac-text-3);font-size:.8rem}.summary-tile strong{display:block;margin-top:.2rem;font-size:1.55rem;font-weight:540}.summary-tile.healthy strong{color:var(--ac-positive)}
                                                                                                                                                                                                                                                                                                                                                        ^
185:   :global(.limitation-card){padding:15px 17px;border-radius:14px;margin:12px 0}.limitation-card p{margin:.25rem 0;color:var(--ac-text-2)}.limitation-card ul{margin:.5rem 0 0;padding-inline-start:1.25rem;color:var(--ac-text-3)}
186:   .result-toolbar{display:flex;gap:7px;overflow:auto;padding:3px 0 10px;margin-top:16px}.result-toolbar button{border:1px solid var(--ac-border-subtle);background:transparent;color:var(--ac-text-2);border-radius:999px;padding:.45rem .72rem;white-space:nowrap;cursor:pointer}.result-toolbar button.active{background:var(--ac-material-focused);border-color:var(--ac-border-strong);color:var(--ac-text-1)}
2:28:19 AM [vite-plugin-svelte] src/features/intelligence/DeepScanPage.svelte:185:79 Unused CSS selector ".limitation-card p"
https://svelte.dev/e/css_unused_selector
183:   :global(.progress-card){padding:18px;border-radius:16px;margin-bottom:14px}.progress-copy{display:flex;justify-content:space-between;gap:18px;align-items:flex-start;margin-bottom:12px}.progress-copy h3{margin:.2rem 0 0;font-size:1rem;font-weight:560}.progress-copy>strong{font-size:1.15rem;font-variant-numeric:tabular-nums}.task-counts{display:flex;flex-wrap:wrap;gap:14px;margin-top:10px;color:var(--ac-text-3);font-size:.8rem}
184:   .summary-grid{display:grid;grid-template-columns:repeat(4,minmax(0,1fr));gap:10px;margin:14px 0}:global(.summary-tile){padding:15px;border-radius:14px}.summary-tile span{display:block;color:var(--ac-text-3);font-size:.8rem}.summary-tile strong{display:block;margin-top:.2rem;font-size:1.55rem;font-weight:540}.summary-tile.healthy strong{color:var(--ac-positive)}
185:   :global(.limitation-card){padding:15px 17px;border-radius:14px;margin:12px 0}.limitation-card p{margin:.25rem 0;color:var(--ac-text-2)}.limitation-card ul{margin:.5rem 0 0;padding-inline-start:1.25rem;color:var(--ac-text-3)}
                                                                                                      ^
186:   .result-toolbar{display:flex;gap:7px;overflow:auto;padding:3px 0 10px;margin-top:16px}.result-toolbar button{border:1px solid var(--ac-border-subtle);background:transparent;color:var(--ac-text-2);border-radius:999px;padding:.45rem .72rem;white-space:nowrap;cursor:pointer}.result-toolbar button.active{background:var(--ac-material-focused);border-color:var(--ac-border-strong);color:var(--ac-text-1)}
187:   .result-heading{margin:18px 0 8px;font-size:.86rem;text-transform:uppercase;letter-spacing:.08em;color:var(--ac-text-3)}.finding-list{display:grid;gap:9px}.history-panel summary{cursor:pointer;color:var(--ac-text-2);font-weight:600}
2:28:19 AM [vite-plugin-svelte] src/features/intelligence/DeepScanPage.svelte:185:137 Unused CSS selector ".limitation-card ul"
https://svelte.dev/e/css_unused_selector
183:   :global(.progress-card){padding:18px;border-radius:16px;margin-bottom:14px}.progress-copy{display:flex;justify-content:space-between;gap:18px;align-items:flex-start;margin-bottom:12px}.progress-copy h3{margin:.2rem 0 0;font-size:1rem;font-weight:560}.progress-copy>strong{font-size:1.15rem;font-variant-numeric:tabular-nums}.task-counts{display:flex;flex-wrap:wrap;gap:14px;margin-top:10px;color:var(--ac-text-3);font-size:.8rem}
184:   .summary-grid{display:grid;grid-template-columns:repeat(4,minmax(0,1fr));gap:10px;margin:14px 0}:global(.summary-tile){padding:15px;border-radius:14px}.summary-tile span{display:block;color:var(--ac-text-3);font-size:.8rem}.summary-tile strong{display:block;margin-top:.2rem;font-size:1.55rem;font-weight:540}.summary-tile.healthy strong{color:var(--ac-positive)}
185:   :global(.limitation-card){padding:15px 17px;border-radius:14px;margin:12px 0}.limitation-card p{margin:.25rem 0;color:var(--ac-text-2)}.limitation-card ul{margin:.5rem 0 0;padding-inline-start:1.25rem;color:var(--ac-text-3)}
                                                                                                                                                                 ^
186:   .result-toolbar{display:flex;gap:7px;overflow:auto;padding:3px 0 10px;margin-top:16px}.result-toolbar button{border:1px solid var(--ac-border-subtle);background:transparent;color:var(--ac-text-2);border-radius:999px;padding:.45rem .72rem;white-space:nowrap;cursor:pointer}.result-toolbar button.active{background:var(--ac-material-focused);border-color:var(--ac-border-strong);color:var(--ac-text-1)}
187:   .result-heading{margin:18px 0 8px;font-size:.86rem;text-transform:uppercase;letter-spacing:.08em;color:var(--ac-text-3)}.finding-list{display:grid;gap:9px}.history-panel summary{cursor:pointer;color:var(--ac-text-2);font-weight:600}
2:28:19 AM [vite-plugin-svelte] src/features/intelligence/DeepScanPage.svelte:188:92 Unused CSS selector ".healthy-result>div"
https://svelte.dev/e/css_unused_selector
186:   .result-toolbar{display:flex;gap:7px;overflow:auto;padding:3px 0 10px;margin-top:16px}.result-toolbar button{border:1px solid var(--ac-border-subtle);background:transparent;color:var(--ac-text-2);border-radius:999px;padding:.45rem .72rem;white-space:nowrap;cursor:pointer}.result-toolbar button.active{background:var(--ac-material-focused);border-color:var(--ac-border-strong);color:var(--ac-text-1)}
187:   .result-heading{margin:18px 0 8px;font-size:.86rem;text-transform:uppercase;letter-spacing:.08em;color:var(--ac-text-3)}.finding-list{display:grid;gap:9px}.history-panel summary{cursor:pointer;color:var(--ac-text-2);font-weight:600}
188:   :global(.healthy-result){text-align:center;padding:28px;border-radius:17px;margin-top:8px}.healthy-result>div{font-size:1.65rem}.healthy-result h3{margin:.4rem 0 .2rem}.healthy-result p{margin:0;color:var(--ac-text-2)}
                                                                                                                    ^
189:   .history-panel{margin-top:20px;border-top:1px solid var(--ac-border-subtle);padding-top:14px}.history-list{display:grid;gap:6px;margin-top:10px}.history-list>div{display:grid;grid-template-columns:1fr auto auto;gap:12px;padding:9px 0;color:var(--ac-text-3);font-size:.8rem}.history-list strong{color:var(--ac-text-2)}
190:   @media (max-width:1050px){:global(.scan-hero){grid-template-columns:auto 1fr}.scan-facts{grid-column:1/-1}.summary-grid{grid-template-columns:repeat(2,1fr)}}
2:28:19 AM [vite-plugin-svelte] src/features/intelligence/DeepScanPage.svelte:188:130 Unused CSS selector ".healthy-result h3"
https://svelte.dev/e/css_unused_selector
186:   .result-toolbar{display:flex;gap:7px;overflow:auto;padding:3px 0 10px;margin-top:16px}.result-toolbar button{border:1px solid var(--ac-border-subtle);background:transparent;color:var(--ac-text-2);border-radius:999px;padding:.45rem .72rem;white-space:nowrap;cursor:pointer}.result-toolbar button.active{background:var(--ac-material-focused);border-color:var(--ac-border-strong);color:var(--ac-text-1)}
187:   .result-heading{margin:18px 0 8px;font-size:.86rem;text-transform:uppercase;letter-spacing:.08em;color:var(--ac-text-3)}.finding-list{display:grid;gap:9px}.history-panel summary{cursor:pointer;color:var(--ac-text-2);font-weight:600}
188:   :global(.healthy-result){text-align:center;padding:28px;border-radius:17px;margin-top:8px}.healthy-result>div{font-size:1.65rem}.healthy-result h3{margin:.4rem 0 .2rem}.healthy-result p{margin:0;color:var(--ac-text-2)}
                                                                                                                                                         ^
189:   .history-panel{margin-top:20px;border-top:1px solid var(--ac-border-subtle);padding-top:14px}.history-list{display:grid;gap:6px;margin-top:10px}.history-list>div{display:grid;grid-template-columns:1fr auto auto;gap:12px;padding:9px 0;color:var(--ac-text-3);font-size:.8rem}.history-list strong{color:var(--ac-text-2)}
190:   @media (max-width:1050px){:global(.scan-hero){grid-template-columns:auto 1fr}.scan-facts{grid-column:1/-1}.summary-grid{grid-template-columns:repeat(2,1fr)}}
2:28:19 AM [vite-plugin-svelte] src/features/intelligence/DeepScanPage.svelte:188:170 Unused CSS selector ".healthy-result p"
https://svelte.dev/e/css_unused_selector
186:   .result-toolbar{display:flex;gap:7px;overflow:auto;padding:3px 0 10px;margin-top:16px}.result-toolbar button{border:1px solid var(--ac-border-subtle);background:transparent;color:var(--ac-text-2);border-radius:999px;padding:.45rem .72rem;white-space:nowrap;cursor:pointer}.result-toolbar button.active{background:var(--ac-material-focused);border-color:var(--ac-border-strong);color:var(--ac-text-1)}
187:   .result-heading{margin:18px 0 8px;font-size:.86rem;text-transform:uppercase;letter-spacing:.08em;color:var(--ac-text-3)}.finding-list{display:grid;gap:9px}.history-panel summary{cursor:pointer;color:var(--ac-text-2);font-weight:600}
188:   :global(.healthy-result){text-align:center;padding:28px;border-radius:17px;margin-top:8px}.healthy-result>div{font-size:1.65rem}.healthy-result h3{margin:.4rem 0 .2rem}.healthy-result p{margin:0;color:var(--ac-text-2)}
                                                                                                                                                                                                ^
189:   .history-panel{margin-top:20px;border-top:1px solid var(--ac-border-subtle);padding-top:14px}.history-list{display:grid;gap:6px;margin-top:10px}.history-list>div{display:grid;grid-template-columns:1fr auto auto;gap:12px;padding:9px 0;color:var(--ac-text-3);font-size:.8rem}.history-list strong{color:var(--ac-text-2)}
190:   @media (max-width:1050px){:global(.scan-hero){grid-template-columns:auto 1fr}.scan-facts{grid-column:1/-1}.summary-grid{grid-template-columns:repeat(2,1fr)}}
2:28:19 AM [vite-plugin-svelte] src/design/primitives/FluidDialog.svelte:116:4 Non-interactive element `<section>` cannot have interactive role 'dialog'
https://svelte.dev/e/a11y_no_noninteractive_element_to_interactive_role
114:     use:backdropDismiss
115:   >
116:     <section
                 ^
117:       bind:this={dialog}
118:       class={`ac-fluid-dialog ac-material ac-material-focused ${className}`}
2:28:19 AM [vite-plugin-svelte] src/features/intelligence/FindingCard.svelte:78:177 Unused CSS selector ".finding-card details"
https://svelte.dev/e/css_unused_selector
76:   .finding-copy h3{margin:.2rem 0 .25rem;font-size:1rem;font-weight:590}.finding-copy p{margin:0;color:var(--ac-text-2);line-height:1.55}.finding-meta{display:flex;gap:10px;color:var(--ac-text-3);font-size:.76rem}.safety-badge{align-self:start;border:1px solid var(--ac-border-subtle);border-radius:999px;padding:.3rem .55rem;font-size:.74rem;color:var(--ac-text-2)}
77:   .verification-note{margin:12px 0 0;padding:9px 11px;border-radius:10px;border:1px solid var(--ac-border-subtle);background:var(--ac-material-base);color:var(--ac-text-2);font-size:.8rem;line-height:1.45}
78:   .finding-properties{display:flex;flex-wrap:wrap;gap:12px;margin:12px 0 0;padding-top:10px;border-top:1px solid var(--ac-border-subtle);color:var(--ac-text-3);font-size:.76rem}.finding-card details{margin-top:10px}.finding-card summary{cursor:pointer;color:var(--ac-text-2);font-weight:600}.finding-card details>p{color:var(--ac-text-2)}
                                                                                                                                                                                                          ^
79:   .correlation-detail{display:grid;gap:5px;margin:9px 0;padding:10px 11px;border-radius:10px;background:var(--ac-material-base);color:var(--ac-text-2);font-size:.78rem}.correlation-detail strong{font-weight:650;color:var(--ac-text-1)}
80:   .evidence-list{display:grid;gap:6px;margin:9px 0}.evidence-list>div{padding:8px 10px;border-radius:9px;background:var(--ac-material-base)}.evidence-list span{display:block;color:var(--ac-text-3);font-size:.72rem;margin-bottom:2px}.finding-card small{color:var(--ac-text-3)}
2:28:19 AM [vite-plugin-svelte] src/features/intelligence/FindingCard.svelte:78:215 Unused CSS selector ".finding-card summary"
https://svelte.dev/e/css_unused_selector
76:   .finding-copy h3{margin:.2rem 0 .25rem;font-size:1rem;font-weight:590}.finding-copy p{margin:0;color:var(--ac-text-2);line-height:1.55}.finding-meta{display:flex;gap:10px;color:var(--ac-text-3);font-size:.76rem}.safety-badge{align-self:start;border:1px solid var(--ac-border-subtle);border-radius:999px;padding:.3rem .55rem;font-size:.74rem;color:var(--ac-text-2)}
77:   .verification-note{margin:12px 0 0;padding:9px 11px;border-radius:10px;border:1px solid var(--ac-border-subtle);background:var(--ac-material-base);color:var(--ac-text-2);font-size:.8rem;line-height:1.45}
78:   .finding-properties{display:flex;flex-wrap:wrap;gap:12px;margin:12px 0 0;padding-top:10px;border-top:1px solid var(--ac-border-subtle);color:var(--ac-text-3);font-size:.76rem}.finding-card details{margin-top:10px}.finding-card summary{cursor:pointer;color:var(--ac-text-2);font-weight:600}.finding-card details>p{color:var(--ac-text-2)}
                                                                                                                                                                                                                                                ^
79:   .correlation-detail{display:grid;gap:5px;margin:9px 0;padding:10px 11px;border-radius:10px;background:var(--ac-material-base);color:var(--ac-text-2);font-size:.78rem}.correlation-detail strong{font-weight:650;color:var(--ac-text-1)}
80:   .evidence-list{display:grid;gap:6px;margin:9px 0}.evidence-list>div{padding:8px 10px;border-radius:9px;background:var(--ac-material-base)}.evidence-list span{display:block;color:var(--ac-text-3);font-size:.72rem;margin-bottom:2px}.finding-card small{color:var(--ac-text-3)}
2:28:19 AM [vite-plugin-svelte] src/features/intelligence/FindingCard.svelte:78:291 Unused CSS selector ".finding-card details>p"
https://svelte.dev/e/css_unused_selector
76:   .finding-copy h3{margin:.2rem 0 .25rem;font-size:1rem;font-weight:590}.finding-copy p{margin:0;color:var(--ac-text-2);line-height:1.55}.finding-meta{display:flex;gap:10px;color:var(--ac-text-3);font-size:.76rem}.safety-badge{align-self:start;border:1px solid var(--ac-border-subtle);border-radius:999px;padding:.3rem .55rem;font-size:.74rem;color:var(--ac-text-2)}
77:   .verification-note{margin:12px 0 0;padding:9px 11px;border-radius:10px;border:1px solid var(--ac-border-subtle);background:var(--ac-material-base);color:var(--ac-text-2);font-size:.8rem;line-height:1.45}
78:   .finding-properties{display:flex;flex-wrap:wrap;gap:12px;margin:12px 0 0;padding-top:10px;border-top:1px solid var(--ac-border-subtle);color:var(--ac-text-3);font-size:.76rem}.finding-card details{margin-top:10px}.finding-card summary{cursor:pointer;color:var(--ac-text-2);font-weight:600}.finding-card details>p{color:var(--ac-text-2)}
                                                                                                                                                                                                                                                                                                                              ^
79:   .correlation-detail{display:grid;gap:5px;margin:9px 0;padding:10px 11px;border-radius:10px;background:var(--ac-material-base);color:var(--ac-text-2);font-size:.78rem}.correlation-detail strong{font-weight:650;color:var(--ac-text-1)}
80:   .evidence-list{display:grid;gap:6px;margin:9px 0}.evidence-list>div{padding:8px 10px;border-radius:9px;background:var(--ac-material-base)}.evidence-list span{display:block;color:var(--ac-text-3);font-size:.72rem;margin-bottom:2px}.finding-card small{color:var(--ac-text-3)}
2:28:19 AM [vite-plugin-svelte] src/features/intelligence/FindingCard.svelte:80:232 Unused CSS selector ".finding-card small"
https://svelte.dev/e/css_unused_selector
78:   .finding-properties{display:flex;flex-wrap:wrap;gap:12px;margin:12px 0 0;padding-top:10px;border-top:1px solid var(--ac-border-subtle);color:var(--ac-text-3);font-size:.76rem}.finding-card details{margin-top:10px}.finding-card summary{cursor:pointer;color:var(--ac-text-2);font-weight:600}.finding-card details>p{color:var(--ac-text-2)}
79:   .correlation-detail{display:grid;gap:5px;margin:9px 0;padding:10px 11px;border-radius:10px;background:var(--ac-material-base);color:var(--ac-text-2);font-size:.78rem}.correlation-detail strong{font-weight:650;color:var(--ac-text-1)}
80:   .evidence-list{display:grid;gap:6px;margin:9px 0}.evidence-list>div{padding:8px 10px;border-radius:9px;background:var(--ac-material-base)}.evidence-list span{display:block;color:var(--ac-text-3);font-size:.72rem;margin-bottom:2px}.finding-card small{color:var(--ac-text-3)}
                                                                                                                                                                                                                                                               ^
81:   @media (prefers-contrast:more){.severity-mark,.safety-badge,.verification-note{border-width:2px}}
82: </style>
M-bM-^\M-^S 195 modules transformed.
rendering chunks...
computing gzip size...
dist/index.html                   0.59 kB M-bM-^TM-^B gzip:   0.35 kB
dist/assets/index-DKitDs8T.css   82.30 kB M-bM-^TM-^B gzip:  16.80 kB
dist/assets/index-BSKlxTYT.js   612.70 kB M-bM-^TM-^B gzip: 157.62 kB

M-bM-^\M-^S built in 1.10s
[plugin builtin:vite-reporter] 
(!) Some chunks are larger than 500 kB after minification. Consider:
- Using dynamic import() to code-split the application
- Use build.rolldownOptions.output.codeSplitting to improve chunking: https://rolldown.rs/reference/OutputOptions.codeSplitting
- Adjust chunk size limit for this warning via build.chunkSizeWarningLimit.
=== [2/6] cargo release build (fixed package set)
warning: unused variable: `path`
   --> crates\fleet\src\trust.rs:358:19
    |
358 | fn set_owner_only(path: &Path) -> std::io::Result<()> {
    |                   ^^^^ help: if this is intentional, prefix it with an underscore: `_path`
    |
    = note: `#[warn(unused_variables)]` (part of `#[warn(unused)]`) on by default

warning: `aethercore-fleet` (lib) generated 1 warning (run `cargo fix --lib -p aethercore-fleet` to apply 1 suggestion)
warning: field `0` is never read
  --> crates\windows-update\src\execution_windows.rs:33:29
   |
33 | struct MachineMutationLease(MachineMutationGuard);
   |        -------------------- ^^^^^^^^^^^^^^^^^^^^
   |        |
   |        field in this struct
   |
   = help: consider removing this field
   = note: `#[warn(dead_code)]` (part of `#[warn(unused)]`) on by default

warning: `aethercore-windows-update` (lib) generated 1 warning
warning: field `generation` is never read
   --> crates\performance-telemetry\src\lib.rs:413:5
    |
410 | pub struct PerformanceRing {
    |            --------------- field in this struct
...
413 |     generation: Arc<AtomicU64>,
    |     ^^^^^^^^^^
    |
    = note: `#[warn(dead_code)]` (part of `#[warn(unused)]`) on by default

warning: constant `PDH_MORE_DATA` is never used
  --> crates\performance-telemetry\src\windows_impl.rs:50:15
   |
50 |     pub const PDH_MORE_DATA: i32 = 0x8000_07D2u32 as i32;
   |               ^^^^^^^^^^^^^

warning: `aethercore-performance-telemetry` (lib) generated 2 warnings
warning: unused import: `PIPE_NAME`
  --> crates\ipc\src\windows_impl.rs:63:15
   |
63 |     IpcError, PIPE_NAME, Result, configured_pipe_name, read_client_frame, read_server_frame,
   |               ^^^^^^^^^
   |
   = note: `#[warn(unused_imports)]` (part of `#[warn(unused)]`) on by default

warning: unused variable: `pipe_name`
   --> crates\ipc\src\windows_impl.rs:287:33
    |
287 | fn security_descriptor_for_pipe(pipe_name: &str) -> Result<String> {
    |                                 ^^^^^^^^^ help: if this is intentional, prefix it with an underscore: `_pipe_name`
    |
    = note: `#[warn(unused_variables)]` (part of `#[warn(unused)]`) on by default

warning: unused variable: `pipe_name`
   --> crates\ipc\src\windows_impl.rs:305:41
    |
305 | fn verify_connected_server(file: &File, pipe_name: &str) -> Result<()> {
    |                                         ^^^^^^^^^ help: if this is intentional, prefix it with an underscore: `_pipe_name`

warning: constant `DEV_PIPE_TOKEN_ARG` is never used
  --> crates\ipc\src\lib.rs:10:7
   |
10 | const DEV_PIPE_TOKEN_ARG: &str = "--dev-pipe-token";
   |       ^^^^^^^^^^^^^^^^^^
   |
   = note: `#[warn(dead_code)]` (part of `#[warn(unused)]`) on by default

warning: constant `DEV_PIPE_TOKEN_ENV` is never used
  --> crates\ipc\src\lib.rs:11:7
   |
11 | const DEV_PIPE_TOKEN_ENV: &str = "AETHERCORE_DEV_PIPE_TOKEN";
   |       ^^^^^^^^^^^^^^^^^^

warning: function `write_request` is never used
   --> crates\ipc\src\lib.rs:121:15
    |
121 | pub(crate) fn write_request<W: std::io::Write>(writer: &mut W, request: &Request) -> Result<()> {
    |               ^^^^^^^^^^^^^

warning: function `write_response` is never used
   --> crates\ipc\src\lib.rs:127:15
    |
127 | pub(crate) fn write_response<W: std::io::Write>(writer: &mut W, response: &Response) -> Result<()> {
    |               ^^^^^^^^^^^^^^

warning: function `read_response` is never used
   --> crates\ipc\src\lib.rs:130:15
    |
130 | pub(crate) fn read_response<R: std::io::Read>(reader: &mut R) -> Result<Response> {
    |               ^^^^^^^^^^^^^

warning: `aethercore-ipc` (lib) generated 8 warnings (run `cargo fix --lib -p aethercore-ipc` to apply 3 suggestions)
warning: function `is_firmware_device` is never used
   --> crates\driver-hub\src\lib.rs:973:4
    |
973 | fn is_firmware_device(device: &DeviceRecord) -> bool {
    |    ^^^^^^^^^^^^^^^^^^
    |
    = note: `#[warn(dead_code)]` (part of `#[warn(unused)]`) on by default

warning: `aethercore-driver-hub` (lib) generated 1 warning
warning: unused import: `RecoveryReadiness`
 --> crates\windows-repair-intelligence\src\planner.rs:2:68
  |
2 | use crate::{Diagnosis, DiagnosisConfidence, FactState, GraphError, RecoveryReadiness, RepairActionKind, RepairGraph, RepairNode, Repa...
  |                                                                    ^^^^^^^^^^^^^^^^^
  |
  = note: `#[warn(unused_imports)]` (part of `#[warn(unused)]`) on by default

warning: `aethercore-windows-repair-intelligence` (lib) generated 1 warning (run `cargo fix --lib -p aethercore-windows-repair-intelligence` to apply 1 suggestion)
warning: field `0` is never read
  --> crates\system-repair\src\windows_impl.rs:25:23
   |
25 | struct ServicingGuard(MachineMutationGuard);
   |        -------------- ^^^^^^^^^^^^^^^^^^^^
   |        |
   |        field in this struct
   |
   = help: consider removing this field
   = note: `#[warn(dead_code)]` (part of `#[warn(unused)]`) on by default

warning: `aethercore-system-repair` (lib) generated 1 warning
warning: unused import: `UNIX_EPOCH`
 --> crates\cleaner\src\lib.rs:8:34
  |
8 |     time::{Duration, SystemTime, UNIX_EPOCH},
  |                                  ^^^^^^^^^^
  |
  = note: `#[warn(unused_imports)]` (part of `#[warn(unused)]`) on by default

warning: field `0` is never read
  --> crates\cleaner\src\windows_impl.rs:38:40
   |
38 | pub(crate) struct CleanupMutationGuard(MachineMutationGuard);
   |                   -------------------- ^^^^^^^^^^^^^^^^^^^^
   |                   |
   |                   field in this struct
   |
   = help: consider removing this field
   = note: `#[warn(dead_code)]` (part of `#[warn(unused)]`) on by default

warning: unused imports: `IRegisteredTask` and `SERVICE_DEMAND_START`
  --> crates\startup-manager\src\windows_impl.rs:32:50
   |
32 |                 SERVICE_DELAYED_AUTO_START_INFO, SERVICE_DEMAND_START, SERVICE_ERROR,
   |                                                  ^^^^^^^^^^^^^^^^^^^^
...
35 |             TaskScheduler::{IRegisteredTask, ITaskFolder, ITaskService},
   |                             ^^^^^^^^^^^^^^^
   |
   = note: `#[warn(unused_imports)]` (part of `#[warn(unused)]`) on by default

warning: function `execute_plan` is never used
   --> crates\startup-manager\src\lib.rs:353:4
    |
353 | fn execute_plan(engine:&OperationEngine,db:&Database,platform:&dyn StartupPlatform,plan_id:&str)->Result<()> {
    |    ^^^^^^^^^^^^
    |
    = note: `#[warn(dead_code)]` (part of `#[warn(unused)]`) on by default

warning: field `0` is never read
  --> crates\startup-manager\src\windows_impl.rs:50:40
   |
50 | pub(crate) struct StartupMutationGuard(MachineMutationGuard);
   |                   -------------------- ^^^^^^^^^^^^^^^^^^^^
   |                   |
   |                   field in this struct
   |
   = help: consider removing this field

warning: `aethercore-cleaner` (lib) generated 2 warnings (run `cargo fix --lib -p aethercore-cleaner` to apply 1 suggestion)
warning: `aethercore-startup-manager` (lib) generated 3 warnings (run `cargo fix --lib -p aethercore-startup-manager` to apply 1 suggestion)
warning: unused import: `EventClass`
  --> crates\timeline-intelligence\src\engine.rs:12:5
   |
12 |     EventClass, MAX_PATTERN_EVIDENCE, MAX_PATTERNS, MAX_RECURRENCE_GAP_MS, MAX_TIMELINE_EVENTS,
   |     ^^^^^^^^^^
   |
   = note: `#[warn(unused_imports)]` (part of `#[warn(unused)]`) on by default

warning: unused import: `DiagnosticTarget`
  --> crates\db-diagnostics\src\sqlite_provider.rs:11:46
   |
11 |     Confidence, DbFinding, DiagnosticReport, DiagnosticTarget, EvidenceRef, Severity, seal_report,
   |                                              ^^^^^^^^^^^^^^^^
   |
   = note: `#[warn(unused_imports)]` (part of `#[warn(unused)]`) on by default

warning: value assigned to `current_ratio_flag` is never read
   --> crates\db-diagnostics\src\slow_log.rs:153:17
    |
153 |                 current_ratio_flag = false;
    |                 ^^^^^^^^^^^^^^^^^^^^^^^^^^
...
195 |     flush!();
    |     -------- in this macro invocation
    |
    = help: maybe it is overwritten before being read?
    = note: `#[warn(unused_assignments)]` (part of `#[warn(unused)]`) on by default
    = note: this warning originates in the macro `flush` (in Nightly builds, run with -Z macro-backtrace for more info)

warning: value assigned to `in_query` is never read
   --> crates\db-diagnostics\src\slow_log.rs:154:17
    |
154 |                 in_query = false;
    |                 ^^^^^^^^^^^^^^^^
...
195 |     flush!();
    |     -------- in this macro invocation
    |
    = help: maybe it is overwritten before being read?
    = note: this warning originates in the macro `flush` (in Nightly builds, run with -Z macro-backtrace for more info)

warning: value assigned to `entries` is never read
   --> crates\db-diagnostics\src\slow_log.rs:150:21
    |
150 |                     entries += 1;
    |                     ^^^^^^^^^^^^
...
195 |     flush!();
    |     -------- in this macro invocation
    |
    = help: maybe it is overwritten before being read?
    = note: this warning originates in the macro `flush` (in Nightly builds, run with -Z macro-backtrace for more info)

warning: `aethercore-timeline-intelligence` (lib) generated 1 warning (run `cargo fix --lib -p aethercore-timeline-intelligence` to apply 1 suggestion)
warning: `aethercore-db-diagnostics` (lib) generated 4 warnings (run `cargo fix --lib -p aethercore-db-diagnostics` to apply 1 suggestion)
warning: unused import: `Instant`
  --> apps\aetherctl\src\transport.rs:20:27
   |
20 | use std::time::{Duration, Instant, SystemTime, UNIX_EPOCH};
   |                           ^^^^^^^
   |
   = note: `#[warn(unused_imports)]` (part of `#[warn(unused)]`) on by default

warning: variant `Timeout` is never constructed
  --> apps\aetherctl\src\error.rs:15:5
   |
 7 | pub enum CliError {
   |          -------- variant in this enum
...
15 |     Timeout,
   |     ^^^^^^^
   |
   = note: `CliError` has derived impls for the traits `Clone` and `Debug`, but these are intentionally ignored during dead code analysis
   = note: `#[warn(dead_code)]` (part of `#[warn(unused)]`) on by default

warning: constant `SOCKET_FILE_NAME` is never used
  --> apps\aetherctl\src\transport.rs:29:11
   |
29 | pub const SOCKET_FILE_NAME: &str = "aethercore-maintenance.sock";
   |           ^^^^^^^^^^^^^^^^

warning: variant `StaleEndpointRecovered` is never constructed
  --> apps\aetherctl\src\transport.rs:35:5
   |
32 | pub enum ServiceState {
   |          ------------ variant in this enum
...
35 |     StaleEndpointRecovered,
   |     ^^^^^^^^^^^^^^^^^^^^^^
   |
   = note: `ServiceState` has derived impls for the traits `Clone` and `Debug`, but these are intentionally ignored during dead code analysis

warning: method `handshake` is never used
   --> apps\aetherctl\src\transport.rs:303:8
    |
194 | impl ServiceClient {
    | ------------------ method in this implementation
...
303 |     fn handshake(&mut self) -> Result<(), CliError> {
    |        ^^^^^^^^^

warning: unused import: `RecommendationDecision`
  --> services\maintenance-service\src\router.rs:39:34
   |
39 | use aethercore_startup_manager::{RecommendationDecision, StartupDecision, StartupManager};
   |                                  ^^^^^^^^^^^^^^^^^^^^^^
   |
   = note: `#[warn(unused_imports)]` (part of `#[warn(unused)]`) on by default

warning: unused import: `UpdateChannel`
  --> services\maintenance-service\src\router.rs:42:32
   |
42 | use aethercore_update_engine::{UpdateChannel, UpdateCoordinator};
   |                                ^^^^^^^^^^^^^

warning: unused imports: `ClientFrame` and `self`
  --> services\maintenance-service\src\server.rs:14:9
   |
14 |         self, ClientFrame, ErrorCode, ErrorInfo, Response, ResponseHeader, ServerFrame,
   |         ^^^^  ^^^^^^^^^^^

warning: use of deprecated tuple variant `aethercore_contracts::v1::request::Payload::CheckForUpdates`
   --> services\maintenance-service\src\router.rs:771:31
    |
771 |             request::Payload::CheckForUpdates(_) => {
    |                               ^^^^^^^^^^^^^^^
    |
    = note: `#[warn(deprecated)]` on by default

warning: use of deprecated tuple variant `aethercore_contracts::v1::request::Payload::StageUpdate`
   --> services\maintenance-service\src\router.rs:782:31
    |
782 |             request::Payload::StageUpdate(_) => {
    |                               ^^^^^^^^^^^

warning: use of deprecated field `aethercore_contracts::v1::PlanSnapshot::state`
   --> services\maintenance-service\src\protocol.rs:209:9
    |
209 |         state: p.state.as_str().into(),
    |         ^^^^^^^^^^^^^^^^^^^^^^^^^^^^^^

warning: use of deprecated field `aethercore_contracts::v1::PlanSnapshot::risk`
   --> services\maintenance-service\src\protocol.rs:211:9
    |
211 |         risk: p.risk,
    |         ^^^^^^^^^^^^

warning: use of deprecated field `aethercore_contracts::v1::request::Payload::CheckForUpdates::0`
   --> services\maintenance-service\src\router.rs:771:47
    |
771 |             request::Payload::CheckForUpdates(_) => {
    |                                               ^

warning: use of deprecated field `aethercore_contracts::v1::request::Payload::StageUpdate::0`
   --> services\maintenance-service\src\router.rs:782:43
    |
782 |             request::Payload::StageUpdate(_) => {
    |                                           ^

warning: use of deprecated field `aethercore_contracts::v1::Response::error_message`
   --> services\maintenance-service\src\server.rs:511:9
    |
511 |         error_message: detail.into(),
    |         ^^^^^^^^^^^^^^^^^^^^^^^^^^^^

warning: unused variable: `status`
   --> services\maintenance-service\src\composition.rs:224:24
    |
224 |         if let Ok(Some(status)) = self
    |                        ^^^^^^ help: if this is intentional, prefix it with an underscore: `_status`
    |
    = note: `#[warn(unused_variables)]` (part of `#[warn(unused)]`) on by default

warning: unused variable: `v`
    --> services\maintenance-service\src\router.rs:1175:49
     |
1175 |             request::Payload::StartOptimization(v) => {
     |                                                 ^ help: if this is intentional, prefix it with an underscore: `_v`

warning: method `revoke` is never used
  --> services\maintenance-service\src\care.rs:44:12
   |
29 | impl SessionConsentRegistry {
   | --------------------------- method in this implementation
...
44 |     pub fn revoke(&self, owner_principal_key: &str) {
   |            ^^^^^^
   |
   = note: `#[warn(dead_code)]` (part of `#[warn(unused)]`) on by default

warning: method `clear` is never used
  --> services\maintenance-service\src\intelligence.rs:56:8
   |
35 | impl EphemeralInsights {
   | ---------------------- method in this implementation
...
56 |     fn clear(&self) {
   |        ^^^^^

warning: method `clear_session` is never used
   --> services\maintenance-service\src\intelligence.rs:255:12
    |
 67 | impl IntelligenceCoordinator {
    | ---------------------------- method in this implementation
...
255 |     pub fn clear_session(&self) {
    |            ^^^^^^^^^^^^^

warning: function `optimization_status_proto` is never used
   --> services\maintenance-service\src\performance.rs:258:15
    |
258 | pub(crate) fn optimization_status_proto(value: &ExecutionStatus) -> v1::OptimizationStatus {
    |               ^^^^^^^^^^^^^^^^^^^^^^^^^

warning: methods `start_optimization` and `optimization_status` are never used
   --> services\maintenance-service\src\performance.rs:404:12
    |
325 | impl PerformanceEngine {
    | ---------------------- methods in this implementation
...
404 |     pub fn start_optimization(
    |            ^^^^^^^^^^^^^^^^^^
...
413 |     pub fn optimization_status(&self, plan_id: &str) -> Option<OptStatus> {
    |            ^^^^^^^^^^^^^^^^^^^

warning: use of deprecated field `aethercore_contracts::v1::Response::error_message`
  --> apps\consent-broker\src\main.rs:67:47
   |
67 |         bail!("consent request rejected: {}", response.error_message);
   |                                               ^^^^^^^^^^^^^^^^^^^^^^
   |
   = note: `#[warn(deprecated)]` on by default

warning: use of deprecated field `aethercore_contracts::v1::Response::error_message`
  --> apps\update-broker\src\main.rs:85:68
   |
85 |     if response.status_code!=0{bail!("update request rejected: {}",response.error_message)}
   |                                                                    ^^^^^^^^^^^^^^^^^^^^^^
   |
   = note: `#[warn(deprecated)]` on by default

warning: unused import: `aethercore_update_engine::PlatformVerifier`
 --> apps\update-broker\src\main.rs:4:21
  |
4 | #[cfg(windows)] use aethercore_update_engine::PlatformVerifier as _;
  |                     ^^^^^^^^^^^^^^^^^^^^^^^^^^^^^^^^^^^^^^^^^^
  |
  = note: `#[warn(unused_imports)]` (part of `#[warn(unused)]`) on by default

warning: field `0` is never read
  --> apps\update-broker\src\main.rs:44:28
   |
44 | struct UpdateMutationGuard(MachineMutationGuard);
   |        ------------------- ^^^^^^^^^^^^^^^^^^^^
   |        |
   |        field in this struct
   |
   = help: consider removing this field
   = note: `#[warn(dead_code)]` (part of `#[warn(unused)]`) on by default

warning: `aetherctl` (bin "aetherctl") generated 5 warnings (run `cargo fix --bin "aetherctl" -p aetherctl` to apply 1 suggestion)
warning: `aethercore-maintenance-service` (bin "aethercore-maintenance-service") generated 17 warnings (run `cargo fix --bin "aethercore-maintenance-service" -p aethercore-maintenance-service` to apply 5 suggestions)
warning: `aethercore-consent-broker` (bin "aethercore-consent-broker") generated 1 warning
warning: `aethercore-update-broker` (bin "aethercore-update-broker") generated 3 warnings
    Finished `release` profile [optimized] target(s) in 0.50s
=== [3/6] tauri desktop build
        Info Looking up installed tauri packages to check mismatched versions...
   Compiling proc-macro2 v1.0.107
   Compiling serde_core v1.0.229
   Compiling serde v1.0.229
   Compiling icu_properties_data v2.3.0
   Compiling icu_normalizer_data v2.3.0
   Compiling siphasher v1.0.3
   Compiling quote v1.0.47
   Compiling syn v2.0.119
   Compiling syn v3.0.4
   Compiling phf_shared v0.13.1
   Compiling memchr v2.8.3
   Compiling phf_generator v0.13.1
   Compiling stable_deref_trait v1.2.1
   Compiling windows-sys v0.61.2
   Compiling smallvec v1.15.2
   Compiling semver v1.0.28
   Compiling serde_derive v1.0.229
   Compiling synstructure v0.13.2
   Compiling zerovec-derive v0.11.6
   Compiling displaydoc v0.2.7
   Compiling zerofrom-derive v0.1.7
   Compiling yoke-derive v0.8.2
   Compiling thiserror-impl v2.0.20
   Compiling zerofrom v0.1.8
   Compiling yoke v0.8.3
   Compiling parking_lot_core v0.9.12
   Compiling bytes v1.12.1
   Compiling zerovec v0.11.8
   Compiling cc v1.4.4
   Compiling phf_macros v0.13.1
   Compiling windows-interface v0.59.3
   Compiling windows-implement v0.60.2
   Compiling typeid v1.0.3
   Compiling libc v0.2.189
   Compiling aho-corasick v1.1.5
   Compiling num-conv v0.2.2
   Compiling time-core v0.1.9
   Compiling regex-syntax v0.8.11
   Compiling indexmap v2.14.0
   Compiling tinystr v0.8.4
   Compiling phf_codegen v0.13.1
   Compiling thiserror v2.0.20
   Compiling thiserror v1.0.69
   Compiling strsim v0.11.1
   Compiling litemap v0.8.3
   Compiling windows_aarch64_msvc v0.52.6
   Compiling regex-automata v0.4.18
   Compiling writeable v0.6.4
   Compiling ident_case v1.0.1
   Compiling erased-serde v0.4.10
   Compiling itoa v1.0.18
   Compiling icu_locale_core v2.3.0
   Compiling darling_core v0.23.0
   Compiling regex v1.13.1
   Compiling potential_utf v0.1.6
   Compiling zerotrie v0.2.5
   Compiling rustc_version v0.4.1
   Compiling utf8_iter v1.0.4
   Compiling icu_provider v2.3.1
   Compiling icu_collections v2.3.0
   Compiling thiserror-impl v1.0.69
   Compiling darling_macro v0.23.0
   Compiling new_debug_unreachable v1.0.6
   Compiling scopeguard v1.2.0
   Compiling lock_api v0.4.14
   Compiling darling v0.23.0
   Compiling phf v0.13.1
   Compiling string_cache_codegen v0.6.1
   Compiling zmij v1.0.23
   Compiling serde_json v1.0.151
   Compiling windows-link v0.1.3
   Compiling winnow v1.0.4
   Compiling precomputed-hash v0.1.1
   Compiling toml_parser v1.1.3+spec-1.1.0
   Compiling web_atoms v0.2.6
   Compiling serde_with_macros v3.22.0
   Compiling parking_lot v0.12.5
   Compiling icu_normalizer v2.3.0
   Compiling icu_properties v2.3.0
   Compiling getrandom v0.4.3
   Compiling serde_spanned v1.1.1
   Compiling percent-encoding v2.3.2
   Compiling ctor-proc-macro v0.0.7
   Compiling toml_writer v1.1.2+spec-1.1.0
   Compiling string_cache v0.9.0
   Compiling idna_adapter v1.2.2
   Compiling http v1.5.0
   Compiling bitflags v2.13.1
   Compiling dtoa v1.0.11
   Compiling form_urlencoded v1.2.2
   Compiling dtoa-short v0.3.5
   Compiling idna v1.1.0
   Compiling uuid v1.25.0
   Compiling windows-strings v0.4.2
   Compiling windows-result v0.3.4
   Compiling tendril v0.5.1
   Compiling selectors v0.36.1
   Compiling derive_more-impl v2.1.1
   Compiling cssparser-macros v0.6.1
   Compiling indexmap v1.9.3
   Compiling toml_datetime v1.1.1+spec-1.1.0
   Compiling byteorder v1.5.0
   Compiling unic-common v0.9.0
   Compiling camino v1.2.5
   Compiling alloc-no-stdlib v2.0.4
   Compiling unic-char-range v0.9.0
   Compiling alloc-stdlib v0.2.4
   Compiling unic-char-property v0.9.0
   Compiling unic-ucd-version v0.9.0
   Compiling derive_more v2.1.1
   Compiling cssparser v0.36.0
   Compiling toml v1.1.4+spec-1.1.0
   Compiling markup5ever v0.38.0
   Compiling windows-core v0.61.2
   Compiling url v2.5.8
   Compiling vswhom-sys v0.1.3
   Compiling winapi-util v0.1.11
   Compiling serde_derive_internals v0.29.1
   Compiling servo_arc v0.4.3
   Compiling bit-vec v0.8.0
   Compiling futures-core v0.3.34
   Compiling hashbrown v0.12.3
   Compiling fnv v1.0.7
   Compiling schemars v0.8.22
   Compiling powerfmt v0.2.0
   Compiling deranged v0.5.8
   Compiling schemars_derive v0.8.22
   Compiling cfb v0.7.3
   Compiling time v0.3.55
   Compiling bit-set v0.8.0
   Compiling same-file v1.0.6
   Compiling html5ever v0.38.0
   Compiling windows-targets v0.52.6
   Compiling unic-ucd-ident v0.9.0
   Compiling prost-derive v0.14.4
   Compiling brotli-decompressor v5.0.3
   Compiling jsonptr v0.6.3
   Compiling cargo-platform v0.1.9
   Compiling socket2 v0.6.5
   Compiling mio v1.2.2
   Compiling quick-xml v0.41.0
   Compiling foldhash v0.2.0
   Compiling zeroize v1.9.0
   Compiling dunce v1.0.5
   Compiling dyn-clone v1.0.20
   Compiling base64 v0.22.1
   Compiling tokio v1.53.1
   Compiling plist v1.10.0
   Compiling dom_query v0.27.0
   Compiling brotli v8.0.4
   Compiling json-patch v3.0.1
   Compiling cargo_metadata v0.19.2
   Compiling urlpattern v0.3.0
   Compiling windows-sys v0.59.0
   Compiling serde-untagged v0.1.9
   Compiling walkdir v2.5.0
   Compiling infer v0.19.0
   Compiling ctor v0.8.0
   Compiling serde_with v3.22.0
   Compiling windows-threading v0.1.0
   Compiling futures-sink v0.3.34
   Compiling prettyplease v0.2.37
   Compiling windows-future v0.2.1
   Compiling winreg v0.55.0
   Compiling vswhom v0.1.0
   Compiling prost v0.14.4
   Compiling windows-numerics v0.2.0
   Compiling tauri-utils v2.9.3
   Compiling windows-collections v0.2.0
   Compiling tracing-core v0.1.36
   Compiling curve25519-dalek v4.1.3
   Compiling time-macros v0.2.32
   Compiling generic-array v0.14.7
   Compiling toml_datetime v0.7.5+spec-1.1.0
   Compiling typenum v1.20.1
   Compiling crc32fast v1.5.1
   Compiling winnow v0.7.15
   Compiling simd-adler32 v0.3.10
   Compiling option-ext v0.2.0
   Compiling dirs-sys v0.5.0
   Compiling toml v0.9.12+spec-1.1.0
   Compiling tempfile v3.27.0
   Compiling petgraph v0.8.3
   Compiling libsqlite3-sys v0.38.2
   Compiling windows-core v0.62.2
   Compiling tracing v0.1.44
   Compiling prost-types v0.14.4
   Compiling windows v0.61.3
   Compiling embed-resource v3.0.11
   Compiling http-body v1.1.0
   Compiling webview2-com-sys v0.38.2
   Compiling futures-io v0.3.34
   Compiling raw-window-handle v0.6.2
   Compiling slab v0.4.12
   Compiling crossbeam-utils v0.8.22
   Compiling futures-task v0.3.34
   Compiling adler2 v2.0.1
   Compiling httparse v1.10.1
   Compiling log v0.4.34
   Compiling miniz_oxide v0.8.9
   Compiling futures-util v0.3.34
   Compiling prost-build v0.14.4
   Compiling chrono v0.4.45
   Compiling tauri-winres v0.3.6
   Compiling cargo_toml v0.22.3
   Compiling dirs v6.0.0
   Compiling dpi v0.1.2
   Compiling cookie v0.18.2
   Compiling try-lock v0.2.5
   Compiling equivalent v1.0.2
   Compiling tower-service v0.3.3
   Compiling native-tls v0.2.18
   Compiling want v0.3.1
   Compiling tauri-build v2.6.3
   Compiling flate2 v1.1.9
   Compiling ed25519-dalek v2.2.0
   Compiling aethercore-contracts v0.1.0 (C:\AetherCore-P36\workspace\AetherCore-Phase35-Master-Delivery\crates\contracts)
   Compiling crypto-common v0.1.7
   Compiling block-buffer v0.10.4
   Compiling fdeflate v0.3.7
   Compiling futures-channel v0.3.34
   Compiling schannel v0.1.29
   Compiling webview2-com-macros v0.8.1
   Compiling windows-version v0.1.7
   Compiling unicode-segmentation v1.13.3
   Compiling atomic-waker v1.1.2
   Compiling bitflags v1.3.2
   Compiling png v0.17.16
   Compiling hyper v1.11.0
   Compiling windows-future v0.3.2
   Compiling digest v0.10.7
   Compiling rusqlite v0.40.2
   Compiling crossbeam-channel v0.5.16
   Compiling webview2-com v0.38.2
   Compiling aethercore-fleet v0.1.0 (C:\AetherCore-P36\workspace\AetherCore-Phase35-Master-Delivery\crates\fleet)
   Compiling windows-collections v0.3.2
   Compiling windows-numerics v0.3.1
warning: unused variable: `path`
   --> crates\fleet\src\trust.rs:358:19
    |
358 | fn set_owner_only(path: &Path) -> std::io::Result<()> {
    |                   ^^^^ help: if this is intentional, prefix it with an underscore: `_path`
    |
    = note: `#[warn(unused_variables)]` (part of `#[warn(unused)]`) on by default

   Compiling sync_wrapper v1.0.2
   Compiling cpufeatures v0.2.17
   Compiling tauri-runtime v2.11.3
   Compiling glob v0.3.4
   Compiling tower-layer v0.3.3
   Compiling wry v0.55.1
   Compiling ipnet v2.12.1
   Compiling hyper-util v0.1.20
   Compiling tower v0.5.3
warning: `aethercore-fleet` (lib) generated 1 warning (run `cargo fix --lib -p aethercore-fleet` to apply 1 suggestion)
   Compiling sha2 v0.10.9
   Compiling aethercore-persistence v0.1.0 (C:\AetherCore-P36\workspace\AetherCore-Phase35-Master-Delivery\crates\persistence)
   Compiling windows v0.62.2
   Compiling tokio-native-tls v0.3.1
   Compiling ico v0.5.0
   Compiling tauri v2.11.5
   Compiling http-body-util v0.1.5
   Compiling tauri-runtime-wry v2.11.4
   Compiling ryu v1.0.23
   Compiling serde_urlencoded v0.7.1
   Compiling hyper-tls v0.6.0
   Compiling tauri-codegen v2.6.3
   Compiling tao v0.35.3
   Compiling aethercore-operation-engine v0.1.0 (C:\AetherCore-P36\workspace\AetherCore-Phase35-Master-Delivery\crates\operation-engine)
   Compiling tower-http v0.6.11
   Compiling keyboard-types v0.7.0
   Compiling softbuffer v0.4.8
   Compiling rustls-pki-types v1.15.1
   Compiling serialize-to-javascript-impl v0.1.2
   Compiling reqwest v0.12.28
   Compiling serialize-to-javascript v0.1.2
   Compiling muda v0.19.3
   Compiling aethercore-operation-kernel v0.1.0 (C:\AetherCore-P36\workspace\AetherCore-Phase35-Master-Delivery\crates\operation-kernel)
   Compiling tauri-macros v2.6.3
   Compiling window-vibrancy v0.6.0
   Compiling aethercore-desktop v0.1.0 (C:\AetherCore-P36\workspace\AetherCore-Phase35-Master-Delivery\apps\desktop)
   Compiling serde_repr v0.1.21
   Compiling heck v0.5.0
   Compiling mime v0.3.17
   Compiling aethercore-update-download v0.1.0 (C:\AetherCore-P36\workspace\AetherCore-Phase35-Master-Delivery\crates\update-download)
   Compiling aethercore-support-bundle v0.1.0 (C:\AetherCore-P36\workspace\AetherCore-Phase35-Master-Delivery\crates\support-bundle)
   Compiling aethercore-gpu-policy v0.1.0 (C:\AetherCore-P36\workspace\AetherCore-Phase35-Master-Delivery\crates\gpu-policy)
   Compiling aethercore-windows-foundation v0.1.0 (C:\AetherCore-P36\workspace\AetherCore-Phase35-Master-Delivery\crates\windows-foundation)
   Compiling aethercore-update-engine v0.1.0 (C:\AetherCore-P36\workspace\AetherCore-Phase35-Master-Delivery\crates\update-engine)
   Compiling aethercore-ipc v0.1.0 (C:\AetherCore-P36\workspace\AetherCore-Phase35-Master-Delivery\crates\ipc)
warning: unused import: `PIPE_NAME`
  --> crates\ipc\src\windows_impl.rs:63:15
   |
63 |     IpcError, PIPE_NAME, Result, configured_pipe_name, read_client_frame, read_server_frame,
   |               ^^^^^^^^^
   |
   = note: `#[warn(unused_imports)]` (part of `#[warn(unused)]`) on by default

warning: unused variable: `pipe_name`
   --> crates\ipc\src\windows_impl.rs:287:33
    |
287 | fn security_descriptor_for_pipe(pipe_name: &str) -> Result<String> {
    |                                 ^^^^^^^^^ help: if this is intentional, prefix it with an underscore: `_pipe_name`
    |
    = note: `#[warn(unused_variables)]` (part of `#[warn(unused)]`) on by default

warning: unused variable: `pipe_name`
   --> crates\ipc\src\windows_impl.rs:305:41
    |
305 | fn verify_connected_server(file: &File, pipe_name: &str) -> Result<()> {
    |                                         ^^^^^^^^^ help: if this is intentional, prefix it with an underscore: `_pipe_name`

warning: constant `DEV_PIPE_TOKEN_ARG` is never used
  --> crates\ipc\src\lib.rs:10:7
   |
10 | const DEV_PIPE_TOKEN_ARG: &str = "--dev-pipe-token";
   |       ^^^^^^^^^^^^^^^^^^
   |
   = note: `#[warn(dead_code)]` (part of `#[warn(unused)]`) on by default

warning: constant `DEV_PIPE_TOKEN_ENV` is never used
  --> crates\ipc\src\lib.rs:11:7
   |
11 | const DEV_PIPE_TOKEN_ENV: &str = "AETHERCORE_DEV_PIPE_TOKEN";
   |       ^^^^^^^^^^^^^^^^^^

warning: function `write_request` is never used
   --> crates\ipc\src\lib.rs:121:15
    |
121 | pub(crate) fn write_request<W: std::io::Write>(writer: &mut W, request: &Request) -> Result<()> {
    |               ^^^^^^^^^^^^^

warning: function `write_response` is never used
   --> crates\ipc\src\lib.rs:127:15
    |
127 | pub(crate) fn write_response<W: std::io::Write>(writer: &mut W, response: &Response) -> Result<()> {
    |               ^^^^^^^^^^^^^^

warning: function `read_response` is never used
   --> crates\ipc\src\lib.rs:130:15
    |
130 | pub(crate) fn read_response<R: std::io::Read>(reader: &mut R) -> Result<Response> {
    |               ^^^^^^^^^^^^^

warning: `aethercore-ipc` (lib) generated 8 warnings (run `cargo fix --lib -p aethercore-ipc` to apply 3 suggestions)
warning: use of deprecated field `aethercore_contracts::v1::Response::error_message`
   --> apps\desktop\src\main.rs:398:40
    |
398 |                     .unwrap_or_else(|| response.error_message.clone());
    |                                        ^^^^^^^^^^^^^^^^^^^^^^
    |
    = note: `#[warn(deprecated)]` on by default

warning: use of deprecated field `aethercore_contracts::v1::Response::error_message`
   --> apps\desktop\src\main.rs:368:23
    |
368 |         anyhow::bail!(resp.error_message.clone());
    |                       ^^^^^^^^^^^^^^^^^^

warning: `aethercore-desktop` (bin "aethercore-desktop") generated 2 warnings
    Finished `release` profile [optimized] target(s) in 5m 03s
       Built application at: C:\AetherCore-P36\workspace\AetherCore-Phase35-Master-Delivery\target\release\aethercore-desktop.exe
=== [4/6] stage payload
=== [5/6] wix build -arch arm64
ProductCode={FC8A3841-759D-B452-1864-161F84F56C03}
Tool 'wix' (version '6.0.2') was restored. Available commands: wix

Restore was successful.
=== [6/6] wix msi validate (zero ICE required, no suppression)
09709ec809734ea2ceca87a0a70e52f6adcb4617397498d7fce1294a237a181f  586240  aethercore-consent-broker.exe
5f8d771fb52d1eac776fa48f868a3c8858591ec7f823b6125db79eb0e9e8d4a1  6349824  aethercore-desktop.exe
536984c7105c9c2712e831062842269ca4b8439e0b06726f8b231df83623bab7  246784  aethercore-install-hardener.exe
f29783811e3e7e4490a3ceed978d8859b45557c994c34556696fba499bd1bd4b  9810944  aethercore-maintenance-service.exe
8d55850bda96ae48f4d1d784dc3e6477bc2946d5d34cae65561e55414b003482  672768  aethercore-update-broker.exe
d2649698fc68466ee88cf58ae3ab0fab106f29326e83aaaa5643d30651a962e3  599504  libomp140.aarch64.dll
d4ad925d86f64560bd80c77eae8c606fe810c5f670a7cd42df0836b0653c8b37  83  update-trust.json
3f3702946bd93ea1b905a182c50dab8e85a4bb998d151bf6272b42b66c94fd34  6205440  AetherCore-0.1.0-arm64.msi
e064a29e97d2e3cfb1e78f68c829e71ab201bfdb332a1223c93e6aec7567d791  16165  AetherCore-0.1.0-arm64.wixpdb
=== BUILD OK: C:\AetherCore-P36\build\out\AetherCore-0.1.0-arm64.msi
